<html>
<body>
<pre>
<h1>µVision Build Log</h1>
<h2>Tool Versions:</h2>
IDE-Version: µVision V5.21.1.0
Copyright (C) 2016 ARM Ltd and ARM Germany GmbH. All rights reserved.
License Information: wang kai, P R C, LIC=47GU5-GHN18-45NT5-GZB3P-6SJ4Q-ADY0L
 
Tool Versions:
Toolchain:       MDK-ARM Plus  Version: 5.21a
Toolchain Path:  D:\Program Files\Keil\ARM\ARMCC\Bin
C Compiler:      Armcc.exe V5.06 update 3 (build 300)
Assembler:       Armasm.exe V5.06 update 3 (build 300)
Linker/Locator:  ArmLink.exe V5.06 update 3 (build 300)
Library Manager: ArmAr.exe V5.06 update 3 (build 300)
Hex Converter:   FromElf.exe V5.06 update 3 (build 300)
CPU DLL:         SARMCM3.DLL V5.21a
Dialog DLL:      DARMCM1.DLL V1.14.0.0
Target DLL:      STLink\ST-LINKIII-KEIL_SWO.dll V2.0.18.0
Dialog DLL:      TARMCM1.DLL V1.10.0.0
 
<h2>Project:</h2>
G:\Matlab_ANSYS\CubeMax\MDK-ARM\CubeMax.uvprojx
Project File Date:  01/05/2021

<h2>Output:</h2>
*** Using Compiler 'V5.06 update 3 (build 300)', folder: 'D:\Program Files\Keil\ARM\ARMCC\Bin'
Build target 'CubeMax'
compiling main.c...
compiling stm32f0xx_it.c...
linking...
Program Size: Code=8320 RO-data=244 RW-data=8 ZI-data=1784  
FromELF: creating hex file...
After Build - User command #1: "D:\Program Files\Keil\ARM\ARMCC\bin\fromelf.exe"  --bin -o  ./test.bin ./CubeMax/*.axf
"CubeMax\CubeMax.axf" - 0 Error(s), 0 Warning(s).

<h2>Software Packages used:</h2>

Package Vendor: ARM
                http://www.keil.com/pack/ARM.CMSIS.4.5.0.pack
                ARM::CMSIS:CORE:4.3.0
                CMSIS (Cortex Microcontroller Software Interface Standard)
   * Component: CORE Version: 4.3.0

<h2>Collection of Component include folders:</h2>
  G:\Matlab_ANSYS\CubeMax\MDK-ARM\RTE
  D:\Program Files\Keil\ARM\PACK\ARM\CMSIS\4.5.0\CMSIS\Include

<h2>Collection of Component Files used:</h2>

   * Component: ARM::CMSIS:CORE:4.3.0
Build Time Elapsed:  00:00:09
</pre>
</body>
</html>
